// Jest Snapshot v1, https://goo.gl/fbAQLP

exports[`PlugType component renders correctly 1`] = `
<div>
  <div
    class="plugtype__outer-div"
  />
</div>
`;
